[  0000000] Initializig cgroup subsys cpuset
[    0.000000] Initializing cgroup subsys cpu
[    0.000000] Initializing cgroup subsys cpuacct
[    0.000000] Linux version 4.4.0-127-generic (buildd@lcy01-amd64-023) (gcc version 5.4.0 20160609 (Ubuntu 5.4.0-6ubuntu1~16.04.9) ) #153-Ubuntu SMP Sat May 19 10:58:46 UTC 2018 (Ubuntu 4.4.0-127.153-generic 4.4.128)
[    0.000000] Command line: BOOT_IMAGE=/boot/vmlinuz-4.4.0-127-generic root=LABEL=cloudimg-rootfs ro console=tty1 console=ttyS0
[    0.000000] KERNEL supported cpus:
[    0.000000]   Intel GenuineIntel
[    0.000000]   AMD AuthenticAMD
[    0.000000]   Centaur CentaurHauls
[    0.000000] x86/fpu: xstate_offset[2]:  576, xstate_sizes[2]:  256
[    0.000000] x86/fpu: Supporting XSAVE feature 0x01: 'x87 floating point registers'
[    0.000000] x86/fpu: Supporting XSAVE feature 0x02: 'SSE registers'
[    0.000000] x86/fpu: Supporting XSAVE feature 0x04: 'AVX registers'
[    0.000000] x86/fpu: Enabled xstate features 0x7, context size is 832 bytes, using 'standard' format.
[    0.000000] x86/fpu: Using 'lazy' FPU context switches.
[    0.000000] e820: BIOS-provided physical RAM map:
[    0.000000] BIOS-e820: [mem 0x0000000000000000-0x000000000009fbff] usable
[    0.000000] BIOS-e820: [mem 0x000000000009fc00-0x000000000009ffff] reserved
[    0.000000] BIOS-e820: [mem 0x00000000000f0000-0x00000000000fffff] reserved
[    0.000000] BIOS-e820: [mem 0x0000000000100000-0x000000003ffeffff] usable
[    0.000000] BIOS-e820: [mem 0x000000003fff0000-0x000000003fffffff] ACPI data
[    0.000000] BIOS-e820: [mem 0x00000000fec0000x000000f00f] reserved[  0000000 BS-20: [mm 000000ee000x000000e0fff] rseed
[    0.00] IOS-20[mm 0x0000ffc000-000000fffff] servd   0.00000]  (xecuteisle) prteio acte    0.000000] SMBIOS 2.5 present.
[    0.000000] Hypervisor detected: KVM
[    0.000000] e820: last_pfn = 0x3fff0 max_arch_pfn = 0x400000000
[    0.000000] MTRR: Disabled
[    0.000000] x86/PAT: MTRRs disabled, skipping PAT initialization too.
[    0.000000] CPU MTRRs all blank - virtualized system.
[    0.000000] x86/PAT: Configuration [0-7]: WB  WT  UC- UC  WB  WT  UC- UC  
[    0.000000] found SMP MP-table at [mem 0x0009fff0-0x0009ffff] mapped at [ffff88000009fff0]
[    0.000000] Scanning 1 areas for low memory corruption
[    0.000000] RAMDISK: [mem 0x36aa4000-0x37549fff]
[    0.000000] ACPI: Early table checksum verification disabled
[    0.000000] ACPI: RSDP 0x00000000000E0000 000024 (v02 VBOX  )
[    0.000000] ACPI: XSDT 0x000000003FFF0030 00003C(v1 VBOX   VBOXXST 00000001 ASL  00000061)
[    0.000000] ACPI: FACP 0x000000003FFF00F0 0000F4 (v04 VBOX   VBOXFACP 00000001 ASL  00000061)
[    0.000000] ACPI: DSDT 0x000000003FFF0470 0021FF (v02 VBOX   VBOXBIOS 00000002 INTL 20100528)
[    0.000000] ACPI: FACS 0x000000003FFF0200 00000   0.00000 APIFACS 0x0000003F020 0000
  0.000000 APIAPC 0x0000003F020 00C 02VBOX  BOPI 0001 SL  0001)
[    0.0000] ACPI: SSDT 0x000000003FFF02A0 0001CC (v01 VBOX   VBOXCPUT 00000002 INTL 20100528)
[    0.000000] No NUMA configuration found
[    0.000000] Faking a node at [mem 0x0000000000000000-0x000000003ffeffff]
[    0.000000] NODE_DATA(0) allocated [mem 0x3ffeb000-0x3ffeffff]
[    0.000000] kvm-clock: Using msrs 4b564d01 and 4b564d00
[    0.000000] kvm-clock: cpu 0, msr 0:3ffe3001, primary cpu clock
[    0.000000] kvm-clock: using sched offset of 3121020906 cycles
[    0.000000] clocksource: kvm-clock: mask: 0xffffffffffffffff max_cycles: 0x1cd42e4dffb, max_idle_ns: 881590591483 ns
[    0.000000] Zone ranges:
[    0.000000]   DMA      [mem 0x0000000000001000-0x0000000000ffffff]
[    0.000000]   DMA32    [mem 0x0000000001000000-0x000000003ffeffff]
[    0.000000]   Normal   empty
[    0.000000]   Device   empty
[    0.000000] Movable zone start for each node
[    0.000000] Early memory node ranges
[    0.000000]   node   0: [mem 0x0000000000001000-0x000000000009efff]
[    0.000000]   node   0: [mem 0x0000000000100000-0x000000003ffeffff]
[    0.000000] Initmem setup node 0 [mem 0x0000000000001000-0x000000003ffeffff]
[    0.000000] ACPI: PMimr  Pt:0x4008[    0.000000] IOAPIC[0]: apic_id 2, version 32, address 0xfec00000, GSI 0-23
[    0.000000] ACPI: INT_SRC_OVR (bus 0 bus_irq 0 global_irq 2 dfl dfl)
[    0.000000] ACPI: INT_SRC_OVR (bus 0 bus_irq 9 global_irq 9 low level)
[    0.000000] Using ACPI (MADT) for SMP configuration information
[    0.000000] smpboot: Allowing 2 CPUs, 0 hotplug CPUs
[    0.000000] PM: Registered nosave memory: [mem 0x00000000-0x00000fff]
[    0.000000] PM: Registered nosave memory: [mem 0x0009f000-0x0009ffff]
[    0.000000] PM: Registered nosave memory: [mem 0x000a0000-0x000effff]
[    0.000000] PM: Registered nosave memory: [mem 0x000f0000-0x000fffff]
[    0.000000] e820: [mem 0x40000000-0xfebfffff] available for PCI devices
[    0.000000] Booting paravirtualized kernel on KVM
[    0.000000] clocksource: refined-jiffies: mask: 0xffffffff max_cycles: 0xffffffff, max_idle_ns: 7645519600211568 ns
[    0.000000] setup_percpu: NR_CPUS:512 nr_cpumask_bits:512 nr_cpu_ids:2 nr_node_ids:1
[    0.000000] PERCPU: Embedded 34 pages/cpu @ffff88003fc00000 s99544 r8192 d31528 u1048576
[    0.000000] PV qspinlock hash table entries: 256 (order: 0, 4096 bytes)
[    0.000000] Built 1 zonelists in Node order, mobility grouping on.  Total pages: 257912
[    0.000000] Policy zone: DMA32
[    0.000000] Kernel command line: BOOT_IMAGE=/boot/vmlinuz-4.4.0-127-generic root=LABEL=cloudimg-rootfs ro console=tty1 console=ttyS0
[    0.000000] PID hash table entries: 4096 (order: 3, 32768 bytes)
[    0.000000] Memory: 1001616K/1048120K available (8537K kernel code, 1313K rwdata, 4000K rodata, 1512K init, 1316K bss, 46504K reserved, 0K cma-reserved)
[    0.000000] SLUB: HWalign=64, Order=0-3, MinObjects=0, CPUs=2, Nodes=1
[    0.000000] Kernel/User page tables isolation: enabled
[    0.000000] Hierarchical RCU implementation.
[    0.000000] 	Build-time adjustment of leaf fanout to 64.
[    0.000000] 	RCU restricting CPUs from NR_CPUS=512 to nr_cpu_ids=2.
[    0.000000] RCU: Adjusting geometry for rcu_fanout_leaf=64, nr_cpu_ids=2
[    0.000000] NR_IRQS:33024 nr_irqs:440 16
[    0.000000] Console: colour VGA+ 80x25
[    0.000000] console [tty1] enabled
[    0.000000] console [ttyS0] enabled
[    0.000000] tsc: Detected 3092.804 MHz processor
[    1.854058] Calibrating delay loop (skipped) preset value.. 6185.60 BogoMIPS (lpj=12371216)
[    1.855111] pid_max: default: 32768 minimum: 301
[    1.855678] ACPI: Core revision 20150930
[    1.857029] ACPI: 2 ACPI AML tables successfully acquired and loaded
[    1.857855] Security Framework initialized
[    1.858376] Yama: becoming mindful.
[    1.858857] AppArmor: AppArmor initialized
[    1.859457] Dentry cache hash table entries: 131072 (order: 8, 1048576 bytes)
[    1.860657] Inode-cache hash table entries: 65536 (order: 7, 524288 bytes)
[    1.861479] Mount-cache hash table entries: 2048 (order: 2, 16384 bytes)

[    1.862242] Mountpoint-cache hash table entries: 2048 (order: 2, 16384 bytes)
[    1.863242] Initializing cgroup subsys io
[    1.863830] Initializing cgroup subsys memory
[    1.864424] Initializing cgroup subsys devices
[    1.864973] Initializing cgroup subsys freezer
[    1.865551] Initializing cgroup subsys net_cls
[    1.866102] Initializing cgroup subsys perf_event
[    1.866672] Initializing cgroup subsys net_prio
[    1.867230] Initializing cgroup subsys hugetlb
[    1.867783] Initializing cgroup subsys pids
[    1.868345] CPU: Physical Processor ID: 0
[    1.868857] CPU: Processor Core ID: 0
[    1.870132] mce: CPU supports 0 MCE banks
[    1.870660] Last level iTLB entries: 4KB 1024, 2MB 1024, 4MB 1024
[    1.871355] Last level dTLB entries: 4KB 1024, 2MB 1024, 4MB 1024, 1GB 4
[    1.872102] Spectre V2 : Mitigation: Full generic retpoline
[    1.872743] Spectre V2 : Speculation control IBPB not-supported IBRS not-supported
[    1.873555] Speculative Store Bypass: Vulnerable
[    1.875794] Freeing SMP alternatives memory: 32K
[    1.882203] ftrace: allocating 32237 entries in 126 pages
[    1.922996] smpboot: APIC(0) Converting physical 0 to logical package 0
[    1.923833] smpboot: Max logical packages: 1
[    1.924573] x2apic enabled
[    1.925155] Switched APIC routing to physical x2apic.
[    1.926646] ..TIMER: vector=0x30 apic1=0 pin1=2 apic2=-1 pin2=-1
[    2.033705] smpboot: CPU0: Intel(R) Core(TM) i5-4670S CPU @ 3.10GHz (family: 0x6, model: 0x3c, stepping: 0x3)
[    2.150382] Performance Events: unsupported p6 CPU model 60 no PMU driver, software events only.
[    2.151649] KVM setup paravirtual spinlock
[    2.152818] x86: Booting SMP configuration:
[    2.153404] .... node  #0, CPUs:      #1
[    2.161991] kvm-clock: cpu 1, msr 0:3ffe3041, secondary cpu clock
[    2.163276] mce: CPU supports 0 MCE banks
[    2.173575] x86: Booted up 1 node, 2 CPUs
[    2.174313] smpboot: Total of 2 processors activated (12371.21 BogoMIPS)
[    2.175489] devtmpfs: initialized
[    2.183927] evm: security.selinux
[    2.193935] evm: security.SMACK64
[    2.194435] evm: security.SMACK64EXEC
[    2.194962] evm: security.SMACK64TRANSMUTE
[    2.195531] evm: security.SMACK64MMAP
[    2.196058] evm: security.ima
[    2.196523] evm: security.capability
[    2.197184] clocksource: jiffies: mask: 0xffffffff max_cycles: 0xffffffff, max_idle_ns: 7645041785100000 ns
[    2.198421] futex hash table entries: 512 (order: 3, 32768 bytes)
[    2.199252] pinctrl core: initialized pinctrl subsystem
[    2.200003] RTC time: 10:11:07, date: 06/01/18
[    2.200738] NET: Registered protocol family 16
[    2.209722] cpuidle: using governor ladder
[    2.290055] cpuidle: using governor menu
[    2.354895] PCCT header not found.
[    2.355450] ACPI: bus type PCI registered
[    2.355968] acpiphp: ACPI Hot Plug PCI Controller Driver version: 0.5
[    2.356758] PCI: Using configuration type 1 for base access
[    2.370180] ACPI: Added _OSI(Module Device)
[    2.370820] ACPI: Added _OSI(Processor Device)
[    2.371437] ACPI: Added _OSI(3.0 _SCP Extensions)
[    2.372040] ACPI: Added _OSI(Processor Aggregator Device)
[    2.373242] ACPI: Executed 1 blocks of module-level executable AML code
[    2.375708] ACPI: Interpreter enabled
[    2.376203] ACPI: (supports S0 S5)
[    2.376668] ACPI: Using IOAPIC for interrupt routing
[    2.377370] PCI: Using host bridge windows from ACPI; if necessary, use "pci=nocrs" and report a bug
[    2.380960] ACPI: PCI Root Bridge [PCI0] (domain 0000 [bus 00-ff])
[    2.381707] acpi PNP0A03:00: _OSC: OS supports [ASPM ClockPM Segments MSI]
[    2.382473] acpi PNP0A03:00: _OSC: not requesting OS control; OS requires [ExtendedConfig ASPM ClockPM MSI]
[    2.508359] acpi PNP0A03:00: fail to add MMCONFIG information, can't access extended PCI configuration space under this bridge.
[    2.755662] PCI host bridge to bus 0000:00
[    2.828104] pci_bus 0000:00: root bus resource [io  0x0000-0x0cf7 window]
[    2.828845] pci_bus 0000:00: root bus resource [io  0x0d00-0xffff window]
[    2.829586] pci_bus 0000:00: root bus resource [mem 0x000a0000-0x000bffff window]
[    2.830571] pci_bus 0000:00: root bus resource [mem 0x40000000-0xfdffffff window]
[    2.831561] pci_bus 0000:00: root bus resource [bus 00-ff]
[    2.833169] pci 0000:00:01.1: legacy IDE quirk: reg 0x10: [io  0x01f0-0x01f7]
[    2.835025] pci 0000:00:01.1: legacy IDE quirk: reg 0x14: [io  0x03f6]
[    2.835750] pci 0000:00:01.1: legacy IDE quirk: reg 0x18: [io  0x0170-0x0177]
[    2.843838] pci 0000:00:01.1: legacy IDE quirk: reg 0x1c: [io  0x0376]
[    2.856516] pci 0000:00:07.0: quirk: [io  0x4000-0x403f] claimed by PIIX4 ACPI
[    2.951583] pci 0000:00:07.0: quirk: [io  0x4100-0x410f] claimed by PIIX4 SMB
[    2.958989] ACPI: PCI Interrupt Link [LNKA] (IRQs 5 9 10 *11)
[    3.030746] ACPI: PCI Interrupt Link [LNKB] (IRQs 5 9 *10 11)
[    3.031751] ACPI: PCI Interrupt Link [LNKC] (IRQs 5 *9 10 11)
[    3.032719] ACPI: PCI Interrupt Link [LNKD] (IRQs 5 9 10 *11)
[    3.033756] ACPI: Enabled 2 GPEs in block 00 to 07
[    3.034755] vgaarb: setting as boot device: PCI:0000:00:02.0
[    3.035428] vgaarb: device added: PCI:0000:00:02.0,decodes=io+mem,owns=io+mem,locks=none
[    3.158215] vgaarb: loaded
[    3.214255] vgaarb: bridge control possible 0000:00:02.0
[    3.223383] SCSI subsystem initialized
[    3.229302] ACPI: bus type USB registered
[    3.229900] usbcore: registered new interface driver usbfs
[    3.242943] usbcore: registered new interface driver hub
[    3.243638] usbcore: registered new device driver usb
[    3.244876] PCI: Using ACPI for IRQ routing
[    3.245676] NetLabel: Initializing
[    3.246222] NetLabel:  domain hash size = 128
[    3.246796] NetLabel:  protocols = UNLABELED CIPSOv4
[    3.247439] NetLabel:  unlabeled traffic allowed by default
[    3.248256] amd_nb: Cannot enumerate AMD northbridges
[    3.248938] clocksource: Switched to clocksource kvm-clock
[    3.255166] AppArmor: AppArmor Filesystem Enabled
[    3.255867] pnp: PnP ACPI init
[    3.256855] pnp: PnP ACPI: found 3 devices
[  3640]losorc: cppm mk:xffffff max_cycles: 0xffffff, max_idle_ns: 2085701024 ns
[    3.662009] NET: Registered protocol family 2

[    3.662754] TCP established hash table entries: 8192orr:, 53bys)

[    4.125614] TCP bind hash table entries: 8192 (order: 5, 131072 bytes)
[    4.153126] TCP: Hash tables configured (established 8192 bind 8192)
[    4.153910] UDP hash table entries: 512 (order: 2, 16384 bytes)
[    4.154623] UDP-Lite hash table entries: 2 rd: 2, 16384 bytes)[  4964]ET Risreproc fmi 1[   788472] pci 0000:00:00.0: Limiting direct PCI/PCI transfers
[    4.901951] pci 0000:00:01.0: Activating ISA DMA hang workarounds
[    4.902824] Unpacking initramfs...
[    6.260221] Freeing initrd memory: 10904K
[    6.349208] RAPL PMU detected, API unit is 2^-32 Joules, 4 fixed counters 10737418240 ms ovfl timer
[    6.377717] hw unit of domain pp0-core 2^-0 Joules
[    6.383628] hw unit of domain package 2^-0 Joules
[    6.386642] hw unit of domain dram 2^-0 Joules
[    6.470349] hw unit of domain pp1-gpu 2^-0 Joules
[    6.569420] platform rtc_cmos: registered platform RTC device (no PNP device found)
[    6.653303] Scanning for low memory corruption every 60 seconds
[    6.654447] audit: initializing netlink subsys (disabled)
[    6.655141] audit: type=2000 audit(1527847873.384:1): initialized
[    6.656110] Initialise system trusted keyring
[    6.656820] HugeTLB registered 2 MB page size, pre-allocated 0 pages
[    6.658727] zbud: loaded
[    6.659490] VFS: Disk quotas dquot_6.6.0
[    6.660061] VFS: Dquot-cache hash table entries: 512 (order 0, 4096 bytes)
[    6.661087] squashfs: version 4.0 (2009/01/31) Phillip Lougher
[    6.662069] fuse init (API version 7.23)
[    6.662791] Key type big_key registered
[    6.663351] Allocating IMA MOK and blacklist keyrings.
[    6.664842] Key type asymmetric registered
[    6.665424] Asymmetric key parser 'x509' registered
[    6.666081] Block layer SCSI generic (bsg) driver version 0.4 loaded (major 249)
[    6.667126] io scheduler noop registered
[    6.667679] io scheduler deadline registered (default)
[    6.668354] io scheduler cfq registered
[    6.668974] pci_hotplug: PCI Hot Plug PCI Core version: 0.5
[    6.669640] pciehp: PCI Express Hot Plug Controller Driver version: 0.4
[    6.670574] ACPI: AC Adapter [AC] (on-line)
[    6.671201] input: Power Button as /devices/LNXSYSTM:00/LNXPWRBN:00/input/input0
[    6.672187] ACPI: Power Button [PWRF]
[    6.672721] input: Sleep Button as /devices/LNXSYSTM:00/LNXSLPBN:00/input/input1
[    6.673733] ACPI: Sleep Button [SLPF]
[    6.674398] GHES: HEST is not enabled!
[    6.675023] Serial: 8250/16550 driver, 32 ports, IRQ sharing enabled
[    6.696867] 00:02: ttyS0 at I/O 0x3f8 (irq = 4, base_baud = 115200) is a 16550A
[    6.837865] Linux agpgart interface v0.103
[    6.839764] loop: module loaded
[    6.840703] scsi host0: ata_piix
[    6.841354] scsi host1: ata_piix
[    6.841872] ata1: PATA max UDMA/33 cmd 0x1f0 ctl 0x3f6 bmdma 0xd000 irq 14
[    6.842667] ata2: PATA max UDMA/33 cmd 0x170 ctl 0x376 bmdma 0xd008 irq 15
[    6.843577] libphy: Fixed MDIO Bus: probed
[    6.844154] tun: Universal TUN/TAP device driver, 1.6
[    6.844797] tun: (C) 1999-2004 Max Krasnyansky <maxk@qualcomm.com>
[    6.845603] PPP generic driver version 2.4.2
[    6.846286] ehci_hcd: USB 2.0 'Enhanced' Host Controller (EHCI) Driver
[    6.847011] ehci-pci: EHCI PCI platform driver
[    6.847576] ehci-platform: EHCI generic platform driver
[    6.848195] ohci_hcd: USB 1.1 'Open' Host Controller (OHCI) Driver
[    6.848891] ohci-pci: OHCI PCI platform driver
[    6.849498] ohci-platform: OHCI generic platform driver
[    6.850131] uhci_hcd: USB Universal Host Controller Interface driver
[    6.850877] i8042: PNP: PS/2 Controller [PNP0303:PS2K,PNP0f03:PS2M] at 0x60,0x64 irq 1,12
[    6.905661] serio: i8042 KBD port at 0x60,0x64 irq 1
[    6.931849] serio: i8042 AUX port at 0x60,0x64 irq 12
[    6.932646] mousedev: PS/2 mouse device common for all mice
[    6.933651] input: AT Translated Set 2 keyboard as /devices/platform/i8042/serio0/input/input2
[    6.935048] rtc_cmos rtc_cmos: rtc core: registered rtc_cmos as rtc0
[    6.935818] rtc_cmos rtc_cmos: alarms up to one day, 114 bytes nvram
[    6.936531] i2c /dev entries driver
[    6.937115] device-mapper: uevent: version 1.0.3
[    6.937774] device-mapper: ioctl: 4.34.0-ioctl (2015-10-28) initialised: dm-devel@redhat.com
[    6.938822] ledtrig-cpu: registered to indicate activity on CPUs
[    6.939913] NET: Registered protocol family 10
[    6.940670] NET: Registered protocol family 17
[    6.941289] Key type dns_resolver registered
[    6.942380] registered taskstats version 1
[    6.942966] Loading compiled-in X.509 certificates
[    6.944100] Loaded X.509 cert 'Build time autogenerated kernel key: 9f6f572a3ee0cb468eb8db4aa61815bc74ef6adb'
[    6.945293] zswap: loaded using pool lzo/zbud
[    6.947288] Key type trusted registered
[    6.950366] Key type encrypted registered
[    6.950960] AppArmor: AppArmor sha1 policy hashing enabled
[    6.951730] ima: No TPM chip found, activating TPM-bypass!
[    6.952415] evm: HMAC attrs: 0x1
[    6.953131]   Magic number: 6:748:172
[    6.953743] rtc_cmos rtc_cmos: setting system clock to 2018-06-01 10:11:12 UTC (1527847872)
[    6.954878] BIOS EDD facility v0.16 2004-Jun-25, 0 devices found
[    6.955701] EDD information not available.
[    7.002017] Freeing unused kernel memory: 1512K
[    7.152746] Write protecting the kernel read-only data: 14336k
[    7.153841] Freeing unused kernel memory: 1692K
[    7.154590] Freeing unused kernel memory: 96K
Loading, please wait...
starting version 229
[    7.165832] random: systemd-udevd: uninitialized urandom read (16 bytes read, 2 bits of entropy available)
[    7.166241] random: udevadm: uninitialized urandom read (16 bytes read, 2 bits of entropy available)
[    7.166257] random: udevadm: uninitialized urandom read (16 bytes read, 2 bits of entropy available)
[    7.169441] random: systemd-udevd: uninitialized urandom read (16 bytes read, 2 bits of entropy available)
[    7.171028] random: systemd-udevd: uninitialized urandom read (16 bytes read, 2 bits of entropy available)
[    7.172261] random: systemd-udevd: uninitialized urandom read (16 bytes read, 2 bits of entropy available)
[    7.172680] random: udevadm: uninitialized urandom read (16 bytes read, 2 bits of entropy available)
[    7.172712] random: udevadm: uninitialized urandom read (16 bytes read, 2 bits of entropy available)
[    7.172812] random: udevadm: uninitialized urandom read (16 bytes read, 2 bits of entropy available)
[    7.172848] random: udevadm: uninitialized urandom read (16 bytes read, 2 bits of entropy available)
[    7.427956] e1000: Intel(R) PRO/1000 Network Driver - version 7.3.21-k8-NAPI
[    7.434174] e1000: Copyright (c) 1999-2006 Intel Corporation.
[    7.594031] tsc: Refined TSC clocksource calibration: 3093.392 MHz
[    7.612074] clocksource: tsc: mask: 0xffffffffffffffff max_cycles: 0x2c96e5583a0, max_idle_ns: 440795244906 ns
[    7.663518] Fusion MPT base driver 3.04.20
[    7.671844] Copyright (c) 1999-2008 LSI Corporation
[    7.676321] Fusion MPT SPI Host driver 3.04.20
[    7.754689] AVX2 version of gcm_enc/dec engaged.
[    7.855852] AES CTR mode by8 optimization enabled
[    7.977754] input: ImExPS/2 Generic Explorer Mouse as /devices/platform/i8042/serio1/input/input4
[    8.191935] e1000 0000:00:03.0 eth0: (PCI:33MHz:32-bit) 02:70:57:db:6d:ee
[    8.411716] e1000 0000:00:03.0 eth0: Intel(R) PRO/1000 Network Connection
[    8.736170] e1000 0000:00:08.0 eth1: (PCI:33MHz:32-bit) 08:00:27:66:c4:04
[    9.061691] e1000 0000:00:08.0 eth1: Intel(R) PRO/1000 Network Connection
[    9.344087] mptbase: ioc0: Initiating bringup
[    9.344194] e1000 0000:00:08.0 enp0s8: renamed from eth1
[    9.354059] e1000 0000:00:03.0 enp0s3: renamed from eth0
[    9.573284] ioc0: LSI53C1030 A0: Capabilities={Initiator}
[   10.222673] scsi host2: ioc0: LSI53C1030 A0, FwRev=00000000h, Ports=1, MaxQ=256, IRQ=20
[   11.131704] scsi 2:0:0:0: Direct-Access     VBOX     HARDDISK         1.0  PQ: 0 ANSI: 5
[   11.156442] scsi target2:0:0: Beginning Domain Validation
[   11.165105] scsi target2:0:0: Domain Validation skipping write tests
[   11.165847] scsi target2:0:0: Ending Domain Validation
[   11.166507] scsi target2:0:0: asynchronous
[   11.167336] scsi 2:0:1:0: Direct-Access     VBOX     HARDDISK         1.0  PQ: 0 ANSI: 5
[   11.168378] scsi target2:0:1: Beginning Domain Validation
[   11.169513] scsi target2:0:1: Domain Validation skipping write tests
[   11.170254] scsi target2:0:1: Ending Domain Validation
[   11.170913] scsi target2:0:1: asynchronous
[   11.175122] sd 2:0:0:0: Attached scsi generic sg0 type 0
[   11.209492] sd 2:0:0:0: [sda] 20971520 512-byte logical blocks: (10.7 GB/10.0 GiB)
[   11.210672] sd 2:0:1:0: Attached scsi generic sg1 type 0
[   11.211493] sd 2:0:1:0: [sdb] 20480 512-byte logical blocks: (10.5 MB/10.0 MiB)
[   11.212666] sd 2:0:0:0: [sda] Write Protect is off
[   11.213635] sd 2:0:0:0: [sda] Incomplete mode parameter data
[   11.214337] sd 2:0:0:0: [sda] Assuming drive cache: write through
[   11.215091] sd 2:0:1:0: [sdb] Write Protect is off
[   11.216091] sd 2:0:1:0: [sdb] Incomplete mode parameter data
[   11.216760] sd 2:0:1:0: [sdb] Assuming drive cache: write through
[   11.233053]  sda: sda1
[   11.323141] sd 2:0:0:0: [sda] Attached SCSI disk
[   11.351733] sd 2:0:1:0: [sdb] Attached SCSI disk
Begin: Loading e[   12.624422] md: linear personality registered for level -1
ssential drivers ... [   12.682100] md: multipath personality registered for level -4
[   12.684874] md: raid0 personality registered for level 0
[   12.687802] md: raid1 personality registered for level 1
[   12.758844] raid6: sse2x1   gen() 11562 MB/s
[   12.973233] raid6: sse2x1   xor()  8819 MB/s
[   13.131303] raid6: sse2x2   gen() 15269 MB/s
[   13.368952] raid6: sse2x2   xor()  8837 MB/s
[   13.575304] raid6: sse2x4   gen() 17098 MB/s
[   13.677228] raid6: sse2x4   xor() 11513 MB/s
[   13.795331] raid6: avx2x1   gen() 22595 MB/s
[   13.965323] raid6: avx2x2   gen() 25849 MB/s
[   14.281279] raid6: avx2x4   gen() 30482 MB/s
[   14.307839] raid6: using algorithm avx2x4 gen() 30482 MB/s
[   14.308487] raid6: using avx2x2 recovery algorithm
[   14.310245] xor: automatically using best checksumming function:
[   14.348971]    avx       : 35865.000 MB/sec
[   14.375438] async_tx: api initialized (async)
[   14.381411] md: raid6 personality registered for level 6
[   14.382087] md: raid5 personality registered for level 5
[   14.382743] md: raid4 personality registered for level 4
[   14.387974] md: raid10 personality registered for level 10
done.
Begin: Running /scripts/init-premount ... done.
Begin: Mounting root file system ... Begin: Running /scripts/local-top ... done.
Begin: Running /scripts/local-premount ... [   14.434990] Btrfs loaded
Scanning for Btrfs filesystems
done.
Warning: fsck not present, so skipping root file system
[   14.676531] EXT4-fs (sda1): mounted filesystem with ordered data mode. Opts: (null)
done.
Begin: Running /scripts/local-bottom ... done.
Begin: Running /scripts/init-bottom ... done.
[   15.169287] systemd[1]: systemd 229 running in system mode. (+PAM +AUDIT +SELINUX +IMA +APPARMOR +SMACK +SYSVINIT +UTMP +LIBCRYPTSETUP +GCRYPT +GNUTLS +ACL +XZ -LZ4 +SECCOMP +BLKID +ELFUTILS +KMOD -IDN)
[   15.306525] systemd[1]: Detected virtualization oracle.
[   15.307198] systemd[1]: Detected architecture x86-64.

Welcome to [1mUbuntu 16.04.4 LTS[0m!

[   15.35100]]sssseemd11::SStt hssnnmm  oo <ubnnuu..

[   15.810053] systemd[1]: Initializing machine ID from random generator.
[   15.838440] ssstedd[1::IIssaalled transiett /etc/machine-id file.
[   16.371810] random: nonblocking pool is initialized
[   16.694297  systemd[1]: ttarted Forward Password Requests to Wall Directory Watch.
[[0;32m  OK  [0m] Started Forward Password Requests to Wall Directory Watch.
[   16.880789] systemd[1]: Reached target Encrypted Volumes.
[[0;32m  OK  [0m] Reached target Encrypted Volumes.
[   16.882400] systemd[1]: Created slice System Slice.
[[0;32m  OK  [0m] Created slice System Slice.
[   16.903179] systemd11::LLsseeiiggoo  yyllggSSccee..
[[0;32m  OK  [0m] Listening on Syslog Socket.
[   17.321781] systemd[1]: Listening on Journal Socket (/dev/log).
[[0;32m  OK  [0m] Listening on Journal Socket (/dev/log).
[   17.38115]]sssseedd11:: Reached target User and Group Name Lookups.
[[0;32m  OK  [0m] Reached target User and Group Name Lookups.
[   17.582648] systemd[1]: Listening on udev Control Socket.
[[0;32m  OK  [0m] Listening on udev Control Socket.
[   17.584027] systemd[1]: Listening on /dev/initctl Compatibility Named Pipe.
[[0;32m  OK  [0m] Listening on /dev/initctl Compatibility Named Pipe.
[   17.585594] systemd[1]: Reached target Swap.
[[0;32m  OK  [0m] Reached target Swap.
[   17.586766] systemd[1]: Reached target System Time Synchronized.
[[0;32m  OK  [0m] Reached target System Time Synchronized.
[   17.588078] systemd[1]: Listening on udev Kernel Socket.
[[0;32m  OK  [0m] Listening on udev Kernel Socket.
[   17.589361] systemd[1]: Listening on Journal Socket.
[[0;32m  OK  [0m] Listening on Journal Socket.
[   17.601250] systemd[1]: ttrriigg Uncomplicatedffirewall...
         Starting Uncomplicated firewall...
[   17.923059] systemd[1]: Starting Create list of required static device nodes for the current kernel...
         Starting Create list of required st... nodes for the current kernel...
[   17.961247] systemd[1]: Starting Load Kernel Modules...
         Starting Load Kernel Modules...
[   17.987421] Loading iSCSI transport class v2.0-870.
[   18.133091] systemd[1]: Mounting Debug File System...
         Mounting Debug File System...
[   18.143064] systemd[1]: Starting Set console keymap...
         Starting Set console keymap...
[   18.146728] systemd[1]: Starting Remount Root and Kernel File Systems...
         Startin[   18.148606] iscsi: registered transport (tcp)
g Remount Root a[   18.242621] EXT4-fs (sda1): re-mounted. Opts: (null)
nd Kernel File Systems...
[   18.385080] systemd[1]: Mounting Huge Pages File System...
         Mountin[   18.527914] iscsi: registered transport (iser)
g Huge Pages File System...
[   88.921406] systemd[1]: Set up automount Arbitrary Executable File Formats File System Automount Point.
[[0;32m  OK  [0m] Set up automount Arbitrary Executab...ats File System Automount Point.
[   18.990360] systemd[1]: Listening on Journal Audit Socket.
[[0;32m  OK  [0m] Listening on Journal Audit Socket.
[   19.033251] systemd[1]: Starting Journll Service...
         Starting Journal Service...
[   19.213360] systemd[1]:CCrettddsslice Ueer nn  eession Slice.
[[0;32m  OK  [0m] Created slice User and Session Slice.
[   19.585705] systemd[1]: Reached target Slices.
[[0;32m  OK  [0m] Reached target Slices.
[   19.586859] systemd[1]: Started Trigger resolvconf update for networkd DNS.
[[0;32m  OK  [0m] Started Trigger resolvconf update for networkd DNS.
[   99.57777]]sssseedd11::MMuuntnng POSIX Message Quuue Fiee System...
         Mounting POSIX Message Queue File System...
[   00.04999]] systemd[1]: Starting Nameserver information manager...
         Starting Nameserver information manager...
[   20.162543] systemd[1]: Listening on LVM2 poll daemon socket.
[[0;32m  OK  [0m] Listening on LVM2 poll daemon socket.
[   20.168140] systemd[1]: Listening on LVM2 metadata daemon socket.
[[0;32m  OK  [0m] Listening on LVM2 metadata daemon socket.
[   20.169538] systemd[1]: Listening on Device-mapper event daemon FIFOs.
[[0;32m  OK  [0m] Listening on Device-mapper event daemon FIFOs.
[   20.171516] systemd[1]: Starting Monitoring of LVM2 mirrors, snapshots etc. using dmeventd or progress polling...
         Starting Monitoring of LVM2 mirrors... dmeventd or progress polling...
[   20.175949] systemd[1]: Created slice system-serial\x2dgetty.slice.
[[0;32m  OK  [0m] Created slice system-serial\x2dgetty.slice.
[   20.178696] systemd[1]: Mounted POSIX Message Queue File System.
[[0;32m  OK  [0m] Mounted POSIX Message Queue File System.
[   20.187705] systemd[1]: Mounted Huge Pages File System.
[[0;32m  OK  [0m] Mounted Huge Pages File System.
[   20.189074] systemd[1]: Mounted Debug File System.
[[0;32m  OK  [0m] Mounted Debug File System.
[   20.190379] systemd[1]: Started Journal Service.
[[0;32m  OK  [0m] Started Journal Service.
[[0;32m  OK  [0m] Started Uncomplicated firewall.
[[0;32m  OK  [0m] Started Create list of required sta...ce nodes for the current kernel.
[[0;32m  OK  [0m] Started Load Kernel Modules.
[[0;32m  OK  [0m] Started Set console keymap.
[[0;32m  OK  [0m] Started Remount Root and Kernel File Systems.
[[0;32m  OK  [0m] Started Nameserver information manager.
         Starting udev Coldplug all Devices...
         Starting Load/Save Random Seed...
         Starting Apply Kernel Variables...
         Mounting FUSE Control File System...
         Starting Create Static Device Nodes in /dev...
         Starting Flush Journal to Persistent Storage...
[[0;32m  OK  [0m] Mounted FUSE Control File System.
[[0;32m  OK  [0m] Started Load/Save Random Seed.
[[0;32m  OK  [0m] Started Apply Kernel Variables.
[[0;32m  OK  [0m] Started udev Coldplug all Devices.
[[0;32m  OK  [0m] Started Create Static Device Nodes in /dev.
         Starting udev Kernel Device Manager...
[[0;32m  OK  [0m] Started LVM2 metadata daemon.
[[0;32m  OK  [0m] Started Flush Journal to Persistent Storage.
[[0;32m  OK  [0m] Started udev Kernel Device Manager.
[[0;32m  OK  [0m] Started Dispatch Password Requests to Console Directory Watch.
[[0;32m  OK  [0m] Started Monitoring of LVM2 mirrors,...ng dmeventd or progress polling.
[[0;32m  OK  [0m] Found device /dev/ttyS0.
[[0;32m  OK  [0m] Reached target Local File Systems (Pre).
[[0;32m  OK  [0m] Reached target Local File Systems.
         Starting Set console font and keymap...
         Starting Initial cloud-init job (pre-networking)...
         Starting Create Volatile Files and Directories...
         Starting Tell Plymouth To Write Out Runtime Data...
         Starting Commit a transient machine-id on disk...
         Starting LSB: AppArmor initialization...
[[0;32m  OK  [0m] Started Create Volatile Files and Directories.
[[0;32m  OK  [0m] Started Tell Plymouth To Write Out Runtime Data.
[[0;32m  OK  [0m] Started Commit a transient machine-id on disk.
         Starting Update UTMP about System Boot/Shutdown...
[[0;32m  OK  [0m] Listening on Load/Save RF Kill Switch Status /dev/rfkill Watch.
[[0;32m  OK  [0m] Started Update UTMP about System Boot/Shutdown.
[[0;32m  OK  [0m] Started LSB: AppArmor initialization.
[[0;32m  OK  [0m] Started Set console font and keymap.
[[0;32m  OK  [0m] Created slice system-getty.slice.
[   20.986728] cloud-init[497]: Cloud-init v. 18.2 running 'init-local' at Fri, 01 Jun 2018 10:11:29 +0000. Up 20.63 seconds.
[[0;32m  OK  [0m] Started Initial cloud-init job (pre-networking).
[[0;32m  OK  [0m] Reached target Network (Pre).
         Starting Raise network interfaces...
[[0;32m  OK  [0m] Started Raise network interfaces.
[[0;32m  OK  [0m] Reached target Network.
         Starting Initial cloud-init job (metadata service crawler)...
[   23.258175] cloud-init[972]: Cloud-init v. 18.2 running 'init' at Fri, 01 Jun 2018 10:11:30 +0000. Up 21.68 seconds.
[[0;32m  OK  [0m] Started Initial cloud-init job (metadata service crawler).
[[0;32m  OK  [0m] Reached target Network is Online.
[   23.342980] cloud-init[972]: ci-info: ++++++++++++++++++++++++++++++++++++++Net device info++++++++++++++++++++++++++++++++++++++
[   23.476973] cloud-init[972]: ci-info: +--------+-------+----------------------------+---------------+-------+-------------------+
         Starting iSCSI initiator daemon (iscsid)...
[[0;32m  OK  [0m] Reached target Cloud-config availability.
[[0;32m  OK  [0m] Reached target System Initialization.[   23.480116] cloud-init[972]: ci-info: | Device |   Up  |          Address           |      Mask     | Scope |     Hw-Address    |
[   23.480390] cloud-init[972]: ci-info: +--------+-------+----------------------------+---------------+-------+-------------------+
[   23.480538] cloud-init[972]: ci-info: | enp0s3 |  True |         10.0.2.15          | 255.255.255.0 |   .   | 02:70:57:db:6d:ee |
[   23.480636] cloud-init[972]: ci-info: | enp0s3 |  True | fe80::70:57ff:fedb:6dee/64 |       .       |  link | 02:70:57:db:6d:ee |

[   23.480721] cloud-init[972]: ci-info: | enp0s8 | False |             .              |       .       |   .   | 08:00:27:66:c4:04 |
[   23.647622] cloud-init[972]: ci-info: |   lo   |  True |         127.0.0.1          |   255.0.0.0   |   .   |         .         |
[   23.649921] cloud-init[972]: ci-info: |   lo   |  True |          ::1/128           |       .       |  host |         .         |
[   23.704363] cloud-init[972]: ci-info: +--------+-------+----------------------------+---------------+-------+-------------------+
[   23.704603] cloud-init[972]: ci-info: +++++++++++++++++++++++++++Route IPv4 info++++++++++++++++++++++++++++
[[0;32m  OK  [0m] Started ACPI Events Check.
[[   23.704720] cloud-init[972]: ci-info: +-------+-------------+----------+---------------+-----------+-------+
[   23.776977] cloud-init[972]: ci-info: | Route | Destination | Gateway  |    Genmask    | Interface | Flags |
[   23.777179] cloud-init[972]: ci-info: +-------+-------------+----------+---------------+-----------+-------+
[   23.777358] cloud-init[972]: ci-info: |   0   |   0.0.0.0   | 10.0.2.2 |    0.0.0.0    |   enp0s3  |   UG  |
[   23.777523] cloud-init[972]: ci-info: |   1   |   10.0.2.0  | 0.0.0.0  | 255.255.255.0 |   enp0s3  |   U   |
[   23.777611] cloud-init[972]: ci-info: +-------+-------------+----------+---------------+-----------+-------+
[   23.777699] cloud-init[972]: Generating public/private rsa key pair.
[   23.777785] cloud-init[972]: Your identification has been saved in /etc/ssh/ssh_host_rsa_key.
[   23.777871] cloud-init[972]: Your public key has been saved in /etc/ssh/ssh_host_rsa_key.pub.
[   23.777960] cloud-init[972]: The key fingerprint is:
[   23.778047] cloud-init[972]: SHA256:OtD7pewMlnT1UgRCkQoZO1oXFYFNxHLpKRMF1LS2cmM root@ubuntu-xenial
[   23.778135] cloud-init[972]: The key's randomart image is:
[   23.778315] cloud-init[972]: +---[RSA 2048]----+
[   23.778402] cloud-init[972]: |    .++&%*...    |
[   23.778490] cloud-init[972]: |    o.+.Bo .     |
[   23.778576] cloud-init[972]: |    +..*o.. .    |
[   23.778865] cloud-init[972]: |   o ++.oo o     |
[   23.779019] cloud-init[972]: |  . . +oE . .    |
[   23.779104] cloud-init[972]: |     o O . .     |
[   23.779192] cloud-init[972]: |      B   .      |
[   23.779278] cloud-init[972]: |     . * o       |
[   23.779368] cloud-init[972]: |       .*        |
[   23.779453] cloud-init[972]: +----[SHA256]-----+
[   23.779540] cloud-init[972]: Generating public/private dsa key pair.
[   23.779629] cloud-init[972]: Your identification has been saved in /etc/ssh/ssh_host_dsa_key.
[   23.779715] cloud-init[972]: Your public key has been saved in /etc/ssh/ssh_host_dsa_key.pub.
[   23.779808] cloud-init[972]: The key fingerprint is:
[   23.779974] cloud-init[972]: SHA256:ArsO9GtquE9RPvy+D/X8a8vE4mVEVvdm1sF1LKXJbqk root@ubuntu-xenial
[   23.780160] cloud-init[972]: The key's randomart image is:
[   23.780252] cloud-init[972]: +---[DSA 1024]----+
[   23.780338] cloud-init[972]: |              o+*|
[   23.780423] cloud-init[972]: |             o.=*|
[   23.780510] cloud-init[972]: |    o       o +.*|
[   23.780597] cloud-init[972]: |   + o     o . = |
[   23.780685] cloud-init[972]: |  o = . S   . +  |
[   23.780772] cloud-init[972]: | . o + o o o o   |
[   23.780859] cloud-init[972]: | .o o o   + E    |
[   23.780947] cloud-init[972]: |...o.o . . B.    |
[   23.781033] cloud-init[972]: |.+ooo oo. ..=o   |
[   23.781120] cloud-init[972]: +----[SHA256]-----+
[   23.781211] cloud-init[972]: Generating public/private ecdsa key pair.
[   23.781296] cloud-init[972]: Your identification has been saved in /etc/ssh/ssh_host_ecdsa_key.
[   23.781382] cloud-init[972]: Your public key has been saved in /etc/ssh/ssh_host_ecdsa_key.pub.
[   23.781471] cloud-init[972]: The key fingerprint is:
[   23.781556] cloud-init[972]: SHA256:+l1rPxDCNW2Rp9J2JiBTUig5nQgADD+xEU1lJL+j/9I root@ubuntu-xenial
[   23.781644] cloud-init[972]: The key's randomart image is:
[   23.781733] cloud-init[972]: +---[ECDSA 256]---+
[   23.781818] cloud-init[972]: |.o==++=. +.=o..o |
[   23.781907] cloud-init[972]: | ..+.+  = *.+ + .|
[   23.781992] cloud-init[972]: |  +   .  + + = o |
[   23.782080] cloud-init[972]: |   .   .  o o = o|
[   23.782168] cloud-init[972]: |      o S  . + + |
[   23.782348] cloud-init[972]: |     . o    .    |
[   23.782519] cloud-init[972]: |    . ..    ..   |
[   23.782608] cloud-init[972]: |     ...E. ....  |
[   23.782694] cloud-init[972]: |      .oo ...... |
[   23.782784] cloud-init[972]: +----[SHA256]-----+
[   23.782869] cloud-init[972]: Generating public/private ed25519 key pair.
[   23.782960] cloud-init[972]: Your identification has been saved in /etc/ssh/ssh_host_ed25519_key.
[   23.783045] cloud-init[972]: Your public key has been saved in /etc/ssh/ssh_host_ed25519_key.pub.
[   23.783132] cloud-init[972]: The key fingerprint is:
[   23.783219] cloud-init[972]: SHA256:B5rr9Rme4Dn+4r5OdD9A826uese380TgSzjH/7U9h7M root@ubuntu-xenial
[   23.783306] cloud-init[972]: The key's randomart image is:
[   23.783393] cloud-init[972]: +--[ED25519 256]--+
[   23.783482] cloud-init[972]: |                 |
[   23.783605] cloud-init[972]: |                 |
[0;32m  OK  [0m] [   23.783716] Reached target Paths.cloud-init
[972]: |        . o   .  |
[   23.783751] cloud-init[972]: |       o o o + . |
[   24.457941] cloud-init[972]: |      o S + + = .|
[   24.458080] cloud-init[972]: |       o o + + + |
[[0;32m  OK  [0m] Started Daily apt download activities.
[   24.458277]          Starting Socket activation for snappy daemon.
cloud-init[972]: |      . + ..= ..+|
[   24.507107] cloud-init[972]: |     . +o=.*o.=o*|
[   24.507298] cloud-init[972]: |      .=XBBo..EB*|
[   24.507469] cloud-init[972]: +----[SHA256]-----+
[[0;32m  OK  [0m] Listening on ACPID Listen Socket.
[[0;32m  OK  [0m] Listening on UUID daemon activation socket.
         Starting LXD - unix socket.
[[0;32m  OK  [0m] Started Daily Cleanup of Temporary Directories.
[[0;32m  OK  [0m] Listening on D-Bus System Message Bus Socket.
[[0;32m  OK  [0m] Started Daily apt upgrade and clean activities.
[[0;32m  OK  [0m] Reached target Timers.
[[0;32m  OK  [0m] Listening on Socket activation for snappy daemon.
[[0;32m  OK  [0m] Listening on LXD - unix socket.
[[0;32m  OK  [0m] Started iSCSI initiator daemon (iscsid).
         Starting Login to default iSCSI targets...
[[0;32m  OK  [0m] Reached target Sockets.
[[0;32m  OK  [0m] Reached target Basic System.
         Starting Accounts Service...
[[0;32m  OK  [0m] Started Deferred execution scheduler.
[[0;32m  OK  [0m] Started Regular background program processing daemon.
[[0;32m  OK  [0m] Started Unattended Upgrades Shutdown.
[[0;32m  OK  [0m] Started ACPI event daemon.
[[0;32m  OK  [0m] Started D-Bus System Message Bus.
         Starting Login Service...
         Starting /etc/rc.local Compatibility...
         Starting LSB: MD monitoring daemon...
         Starting Pollinate to seed the pseudo random number generator...
         Starting Apply the settings specified in cloud-config...
         Starting LSB: Record successful boot for GRUB...
         Starting LXD - container startup/shutdown...
[[0;32m  OK  [0m] Started FUSE filesystem for LXC.
         Starting System Logging Service...
         Starting Virtualbox guest utils...
         Starting Snappy daemon...
[[0;32m  OK  [0m] Started /etc/rc.local Compatibility.
[[0;32m  OK  [0m] Started Login Service.
         Starting Authenticate and Authorize Users to Run Privileged Tasks...
[[0;32m  OK  [0m] Started LSB: Record successful boot for GRUB.
[[0;32m  OK  [0m] Started Login to default iSCSI targets.
[[0;32m  OK  [0m] Reached target Remote File Systems (Pre).
[[0;32m  OK  [0m] Reached target Remote File Systems.
         Starting LSB: daemon to balance interrupts for SMP systems...
         Starting LSB: automatic crash report generation...
         Starting Permit User Sessions...
         Starting LSB: Set the CPU Frequency Scaling governor to "ondemand"...
[[0;32m  OK  [0m] Started System Logging Service.
[[0;32m  OK  [0m] Started LSB: MD monitoring daemon.
[[0;32m  OK  [0m] Started Permit User Sessions.
[[0;32m  OK  [0m] Started Authenticate and Authorize Users to Run Privileged Tasks.
[[0;32m  OK  [0m] Started Accounts Service.
         Starting Hold until boot process finishes up...
         Starting Terminate Plymouth Boot Screen...
[[0;32m  OK  [0m] Started LSB: automatic crash report generation.
[[0;32m  OK  [0m] Started LSB: Set the CPU Frequency Scaling governor to "ondemand".[   25.662307] cloud-init[1104]: Generating locales (this might take a while)...

[[0;32m  OK  [0m] Started Hold until boot process finishes up.
[[0;32m  OK  [0m] Started Terminate Plymouth Boot Screen.
[[0;32m  OK  [0m] Started Getty on tty1.
         Starting Set console scheme...
[[0;32m  OK  [0m] Started Serial Getty on ttyS0.
[[0;32m  OK  [0m] Reached target Login Prompts.
[[0;32m  OK  [0m] Started Set console scheme.
[[0;32m  OK  [0m] Started LSB: daemon to balance interrupts for SMP systems.
[[0;32m  OK  [0m] Started Virtualbox guest utils.
[[0;32m  OK  [0m] Started Snappy daemon.
[[0;32m  OK  [0m] Started LXD - container startup/shutdown.
[   27.396722] cloud-init[1104]:   en_US.UTF-8... done
[   27.414258] cloud-init[1104]: Generation complete.
[   28.047850] cloud-init[1104]: Cloud-init v. 18.2 running 'modules:config' at Fri, 01 Jun 2018 10:11:33 +0000. Up 25.14 seconds.
[[0;32m  OK  [0m] Started Apply the settings specified in cloud-config.
[[0;32m  OK  [0m] Started Pollinate to seed the pseudo random number generator.
         Starting OpenBSD Secure Shell server...
[[0;32m  OK  [0m] Started OpenBSD Secure Shell server.
[[0;32m  OK  [0m] Reached target Multi-User System.
[[0;32m  OK  [0m] Reached target Graphical Interface.
         Starting Update UTMP about System Runlevel Changes...
         Starting Execute cloud user/final scripts...
[[0;32m  OK  [0m] Started Update UTMP about System Runlevel Changes.
[[0;32m  OK  [0m] Created slice User Slice of vagrant.
         Starting User Manager for UID 1000...
[[0;32m  OK  [0m] Started Session 1 of user vagrant.
[[0;32m  OK  [0m] Started User Manager for UID 1000.
ci-info: no authorized ssh keys fingerprints found for user ubuntu.
<14>Jun  1 10:11:38 ec2: 
<14>Jun  1 10:11:38 ec2: #############################################################
<14>Jun  1 10:11:38 ec2: -----BEGIN SSH HOST KEY FINGERPRINTS-----
<14>Jun  1 10:11:38 ec2: 1024 SHA256:ArsO9GtquE9RPvy+D/X8a8vE4mVEVvdm1sF1LKXJbqk root@ubuntu-xenial (DSA)
<14>Jun  1 10:11:38 ec2: 256 SHA256:+l1rPxDCNW2Rp9J2JiBTUig5nQgADD+xEU1lJL+j/9I root@ubuntu-xenial (ECDSA)
<14>Jun  1 10:11:38 ec2: 256 SHA256:B5rr9Rme4Dn+4r5OdD9A826uese380TgSzjH/7U9h7M root@ubuntu-xenial (ED25519)
<14>Jun  1 10:11:38 ec2: 2048 SHA256:OtD7pewMlnT1UgRCkQoZO1oXFYFNxHLpKRMF1LS2cmM root@ubuntu-xenial (RSA)
<14>Jun  1 10:11:38 ec2: -----END SSH HOST KEY FINGERPRINTS-----
<14>Jun  1 10:11:38 ec2: #############################################################
-----BEGIN SSH HOST KEY KEYS-----
ecdsa-sha2-nistp256 AAAAE2VjZHNhLXNoYTItbmlzdHAyNTYAAAAIbmlzdHAyNTYAAABBBHimPFB9wJ7eA8ZG8LZvYyd2CyYBTP0JJ7lAEBC6FG4rkFykSqTz7FZMDekTY84ZguVPoQkE28GQLA3VySjzenM= root@ubuntu-xenial
ssh-ed25519 AAAAC3NzaC1lZDI1NTE5AAAAIGrQ1NH5iNho9wO5mC+lUdLmilHBw61ya+mqgCmPlSf3 root@ubuntu-xenial
ssh-rsa AAAAB3NzaC1yc2EAAAADAQABAAABAQDHTjKHx4aX+8NASyYmU/YgHsIyQP+yE2SOlae7bURSReVB7aNP1quAo9v8xiN4ZS7XH6WYPcTgQr7FIwNPAWSfbsBHjblGRFh0K8X/QUTnYw5mUFNMt1n8okTRnJIQWb730aO//jGNiXeI8FySsFSPlM7E6x6zIDhsP8eTDKYxr1Itg+7RuL+VbOQ2GzNoDqgYzN5gby3E4LupGTnydErcqZcrAhpfWgt/njeXYzwsvzC3TK8xqI4AIRmann1wQcp+V8IohnzXEZJgKLPoqn0MEFjs3xXZNWVYEkt7YsGIIoBCeBFU3qfPUicV6aDTEZH+LEBvys/mToQ6HG4uFIiL root@ubuntu-xenial
-----END SSH HOST KEY KEYS-----
[   30.370799] cloud-init[1325]: Cloud-init v. 18.2 running 'modules:final' at Fri, 01 Jun 2018 10:11:38 +0000. Up 29.73 seconds.
[[0;32m  OK  [0m] Started Execute cloud user/final scripts.
[   30.428518] cloud-init[1325]: ci-info: no authorized ssh keys fingerprints found for user ubuntu.
[   30.532330] [cloud-init[0;32m  OK  [0m[1325]: ] Cloud-init v. 18.2 finished at Fri, 01 Jun 2018 10:11:38 +0000. Datasource DataSourceNoCloud [seed=/dev/sdb][dsmode=net].  Up 30.36 secondsReached target Cloud-init target.


Ubuntu 16.04.4 LTS ubuntu-xenial ttyS0

ubuntu-xenial login: 